// Jest Snapshot v1, https://goo.gl/fbAQLP

exports[`should render Header Component correctly 1`] = `
<div>
  Ammar 404 !!  - 
  <Link
    replace={false}
    to="/"
  >
    Go Home
  </Link>
</div>
`;
